Component: ARM Compiler 5.06 update 6 (build 750) Tool: armlink [4d35ed]

==============================================================================

Section Cross References

    main.o(i.main) refers to usart.o(i.usart_config) for usart_config
    main.o(i.main) refers to iap.o(i.Jump_to_APP) for Jump_to_APP
    iap.o(i.Jump_to_APP) refers to iap.o(i.Update_Init_Flag) for Update_Init_Flag
    iap.o(i.Jump_to_APP) refers to iap.o(i.flash_read_word) for flash_read_word
    iap.o(i.Jump_to_APP) refers to iap.o(i.flash_write_buffer) for flash_write_buffer
    iap.o(i.Jump_to_APP) refers to iap.o(i.Write_APP_Size) for Write_APP_Size
    iap.o(i.Jump_to_APP) refers to gd32f30x_usart.o(i.usart_disable) for usart_disable
    iap.o(i.Jump_to_APP) refers to gd32f30x_misc.o(i.nvic_vector_table_set) for nvic_vector_table_set
    iap.o(i.Update_Init_Flag) refers to iap.o(i.flash_read_word) for flash_read_word
    iap.o(i.Update_Init_Flag) refers to iap.o(i.Write_APP_Size) for Write_APP_Size
    iap.o(i.Update_Init_Flag) refers to iap.o(i.flash_write_buffer) for flash_write_buffer
    iap.o(i.Write_APP_Size) refers to iap.o(i.flash_write_buffer) for flash_write_buffer
    iap.o(i.flash_write_buffer) refers to gd32f30x_fmc.o(i.fmc_unlock) for fmc_unlock
    iap.o(i.flash_write_buffer) refers to gd32f30x_fmc.o(i.fmc_page_erase) for fmc_page_erase
    iap.o(i.flash_write_buffer) refers to gd32f30x_fmc.o(i.fmc_halfword_program) for fmc_halfword_program
    iap.o(i.flash_write_buffer) refers to gd32f30x_fmc.o(i.fmc_flag_clear) for fmc_flag_clear
    iap.o(i.flash_write_buffer) refers to gd32f30x_fmc.o(i.fmc_word_program) for fmc_word_program
    iap.o(i.flash_write_buffer) refers to gd32f30x_fmc.o(i.fmc_lock) for fmc_lock
    system_gd32f30x.o(i.SystemCoreClockUpdate) refers to system_gd32f30x.o(.data) for SystemCoreClock
    system_gd32f30x.o(i.SystemInit) refers to system_gd32f30x.o(i.system_clock_config) for system_clock_config
    system_gd32f30x.o(i.system_clock_config) refers to system_gd32f30x.o(i.system_clock_120m_hxtal) for system_clock_120m_hxtal
    gd32f30x_bkp.o(i.bkp_deinit) refers to gd32f30x_rcu.o(i.rcu_bkp_reset_enable) for rcu_bkp_reset_enable
    gd32f30x_bkp.o(i.bkp_deinit) refers to gd32f30x_rcu.o(i.rcu_bkp_reset_disable) for rcu_bkp_reset_disable
    gd32f30x_ctc.o(i.ctc_deinit) refers to gd32f30x_rcu.o(i.rcu_periph_reset_enable) for rcu_periph_reset_enable
    gd32f30x_ctc.o(i.ctc_deinit) refers to gd32f30x_rcu.o(i.rcu_periph_reset_disable) for rcu_periph_reset_disable
    gd32f30x_fmc.o(i.fmc_bank0_erase) refers to gd32f30x_fmc.o(i.fmc_bank0_ready_wait) for fmc_bank0_ready_wait
    gd32f30x_fmc.o(i.fmc_bank0_ready_wait) refers to gd32f30x_fmc.o(i.fmc_bank0_state_get) for fmc_bank0_state_get
    gd32f30x_fmc.o(i.fmc_bank1_erase) refers to gd32f30x_fmc.o(i.fmc_bank1_ready_wait) for fmc_bank1_ready_wait
    gd32f30x_fmc.o(i.fmc_bank1_ready_wait) refers to gd32f30x_fmc.o(i.fmc_bank1_state_get) for fmc_bank1_state_get
    gd32f30x_fmc.o(i.fmc_halfword_program) refers to gd32f30x_fmc.o(i.fmc_bank0_ready_wait) for fmc_bank0_ready_wait
    gd32f30x_fmc.o(i.fmc_halfword_program) refers to gd32f30x_fmc.o(i.fmc_bank1_ready_wait) for fmc_bank1_ready_wait
    gd32f30x_fmc.o(i.fmc_mass_erase) refers to gd32f30x_fmc.o(i.fmc_bank0_ready_wait) for fmc_bank0_ready_wait
    gd32f30x_fmc.o(i.fmc_mass_erase) refers to gd32f30x_fmc.o(i.fmc_bank1_ready_wait) for fmc_bank1_ready_wait
    gd32f30x_fmc.o(i.fmc_page_erase) refers to gd32f30x_fmc.o(i.fmc_bank0_ready_wait) for fmc_bank0_ready_wait
    gd32f30x_fmc.o(i.fmc_page_erase) refers to gd32f30x_fmc.o(i.fmc_bank1_ready_wait) for fmc_bank1_ready_wait
    gd32f30x_fmc.o(i.fmc_word_program) refers to gd32f30x_fmc.o(i.fmc_bank0_ready_wait) for fmc_bank0_ready_wait
    gd32f30x_fmc.o(i.fmc_word_program) refers to gd32f30x_fmc.o(i.fmc_bank1_ready_wait) for fmc_bank1_ready_wait
    gd32f30x_fmc.o(i.fmc_word_reprogram) refers to gd32f30x_fmc.o(i.fmc_bank0_ready_wait) for fmc_bank0_ready_wait
    gd32f30x_fmc.o(i.fmc_word_reprogram) refers to gd32f30x_fmc.o(i.fmc_bank1_ready_wait) for fmc_bank1_ready_wait
    gd32f30x_fmc.o(i.ob_data_program) refers to gd32f30x_fmc.o(i.fmc_bank0_ready_wait) for fmc_bank0_ready_wait
    gd32f30x_fmc.o(i.ob_erase) refers to gd32f30x_fmc.o(i.fmc_bank0_ready_wait) for fmc_bank0_ready_wait
    gd32f30x_fmc.o(i.ob_erase) refers to gd32f30x_fmc.o(i.ob_spc_get) for ob_spc_get
    gd32f30x_fmc.o(i.ob_security_protection_config) refers to gd32f30x_fmc.o(i.fmc_bank0_ready_wait) for fmc_bank0_ready_wait
    gd32f30x_fmc.o(i.ob_user_write) refers to gd32f30x_fmc.o(i.fmc_bank0_ready_wait) for fmc_bank0_ready_wait
    gd32f30x_fmc.o(i.ob_write_protection_enable) refers to gd32f30x_fmc.o(i.fmc_bank0_ready_wait) for fmc_bank0_ready_wait
    gd32f30x_gpio.o(i.gpio_afio_deinit) refers to gd32f30x_rcu.o(i.rcu_periph_reset_enable) for rcu_periph_reset_enable
    gd32f30x_gpio.o(i.gpio_afio_deinit) refers to gd32f30x_rcu.o(i.rcu_periph_reset_disable) for rcu_periph_reset_disable
    gd32f30x_gpio.o(i.gpio_deinit) refers to gd32f30x_rcu.o(i.rcu_periph_reset_enable) for rcu_periph_reset_enable
    gd32f30x_gpio.o(i.gpio_deinit) refers to gd32f30x_rcu.o(i.rcu_periph_reset_disable) for rcu_periph_reset_disable
    gd32f30x_misc.o(i.nvic_irq_enable) refers to gd32f30x_misc.o(i.nvic_priority_group_set) for nvic_priority_group_set
    gd32f30x_rcu.o(i.rcu_deinit) refers to gd32f30x_rcu.o(i.rcu_osci_stab_wait) for rcu_osci_stab_wait
    gd32f30x_rcu.o(i.rcu_osci_stab_wait) refers to gd32f30x_rcu.o(i.rcu_flag_get) for rcu_flag_get
    gd32f30x_usart.o(i.usart_baudrate_set) refers to gd32f30x_rcu.o(i.rcu_clock_freq_get) for rcu_clock_freq_get
    gd32f30x_usart.o(i.usart_deinit) refers to gd32f30x_rcu.o(i.rcu_periph_reset_enable) for rcu_periph_reset_enable
    gd32f30x_usart.o(i.usart_deinit) refers to gd32f30x_rcu.o(i.rcu_periph_reset_disable) for rcu_periph_reset_disable
    startup_gd32f30x_cl.o(RESET) refers to startup_gd32f30x_cl.o(STACK) for __initial_sp
    startup_gd32f30x_cl.o(RESET) refers to startup_gd32f30x_cl.o(.text) for Reset_Handler
    startup_gd32f30x_cl.o(RESET) refers to gd32f30x_it.o(i.NMI_Handler) for NMI_Handler
    startup_gd32f30x_cl.o(RESET) refers to gd32f30x_it.o(i.HardFault_Handler) for HardFault_Handler
    startup_gd32f30x_cl.o(RESET) refers to gd32f30x_it.o(i.MemManage_Handler) for MemManage_Handler
    startup_gd32f30x_cl.o(RESET) refers to gd32f30x_it.o(i.BusFault_Handler) for BusFault_Handler
    startup_gd32f30x_cl.o(RESET) refers to gd32f30x_it.o(i.UsageFault_Handler) for UsageFault_Handler
    startup_gd32f30x_cl.o(RESET) refers to gd32f30x_it.o(i.DebugMon_Handler) for DebugMon_Handler
    startup_gd32f30x_cl.o(.text) refers to system_gd32f30x.o(i.SystemInit) for SystemInit
    startup_gd32f30x_cl.o(.text) refers to entry.o(.ARM.Collect$$$$00000000) for __main
    usart.o(i.fputc) refers to gd32f30x_usart.o(i.usart_data_transmit) for usart_data_transmit
    usart.o(i.fputc) refers to gd32f30x_usart.o(i.usart_flag_get) for usart_flag_get
    usart.o(i.usart_config) refers to gd32f30x_rcu.o(i.rcu_periph_clock_enable) for rcu_periph_clock_enable
    usart.o(i.usart_config) refers to gd32f30x_gpio.o(i.gpio_init) for gpio_init
    usart.o(i.usart_config) refers to gd32f30x_usart.o(i.usart_deinit) for usart_deinit
    usart.o(i.usart_config) refers to gd32f30x_usart.o(i.usart_baudrate_set) for usart_baudrate_set
    usart.o(i.usart_config) refers to gd32f30x_usart.o(i.usart_word_length_set) for usart_word_length_set
    usart.o(i.usart_config) refers to gd32f30x_usart.o(i.usart_stop_bit_set) for usart_stop_bit_set
    usart.o(i.usart_config) refers to gd32f30x_usart.o(i.usart_parity_config) for usart_parity_config
    usart.o(i.usart_config) refers to gd32f30x_usart.o(i.usart_hardware_flow_rts_config) for usart_hardware_flow_rts_config
    usart.o(i.usart_config) refers to gd32f30x_usart.o(i.usart_hardware_flow_cts_config) for usart_hardware_flow_cts_config
    usart.o(i.usart_config) refers to gd32f30x_usart.o(i.usart_receive_config) for usart_receive_config
    usart.o(i.usart_config) refers to gd32f30x_usart.o(i.usart_transmit_config) for usart_transmit_config
    usart.o(i.usart_config) refers to gd32f30x_usart.o(i.usart_enable) for usart_enable
    entry.o(.ARM.Collect$$$$00000000) refers (Special) to entry10a.o(.ARM.Collect$$$$0000000D) for __rt_final_cpp
    entry.o(.ARM.Collect$$$$00000000) refers (Special) to entry11a.o(.ARM.Collect$$$$0000000F) for __rt_final_exit
    entry.o(.ARM.Collect$$$$00000000) refers (Special) to entry7b.o(.ARM.Collect$$$$00000008) for _main_clock
    entry.o(.ARM.Collect$$$$00000000) refers (Special) to entry8b.o(.ARM.Collect$$$$0000000A) for _main_cpp_init
    entry.o(.ARM.Collect$$$$00000000) refers (Special) to entry9a.o(.ARM.Collect$$$$0000000B) for _main_init
    entry.o(.ARM.Collect$$$$00000000) refers (Special) to entry5.o(.ARM.Collect$$$$00000004) for _main_scatterload
    entry.o(.ARM.Collect$$$$00000000) refers (Special) to entry2.o(.ARM.Collect$$$$00000001) for _main_stk
    entry2.o(.ARM.Collect$$$$00000001) refers to entry2.o(.ARM.Collect$$$$00002712) for __lit__00000000
    entry2.o(.ARM.Collect$$$$00002712) refers to startup_gd32f30x_cl.o(STACK) for __initial_sp
    entry2.o(__vectab_stack_and_reset_area) refers to startup_gd32f30x_cl.o(STACK) for __initial_sp
    entry2.o(__vectab_stack_and_reset_area) refers to entry.o(.ARM.Collect$$$$00000000) for __main
    entry5.o(.ARM.Collect$$$$00000004) refers to init.o(.text) for __scatterload
    entry9a.o(.ARM.Collect$$$$0000000B) refers to main.o(i.main) for main
    entry9b.o(.ARM.Collect$$$$0000000C) refers to main.o(i.main) for main
    init.o(.text) refers to entry5.o(.ARM.Collect$$$$00000004) for __main_after_scatterload


==============================================================================

Removing Unused input sections from the image.

    Removing main.o(.rev16_text), (4 bytes).
    Removing main.o(.revsh_text), (4 bytes).
    Removing iap.o(.rev16_text), (4 bytes).
    Removing iap.o(.revsh_text), (4 bytes).
    Removing iap.o(i.flash_read_buffer), (50 bytes).
    Removing iap.o(i.flash_read_byte), (6 bytes).
    Removing iap.o(i.flash_read_dword), (6 bytes).
    Removing gd32f30x_it.o(.rev16_text), (4 bytes).
    Removing gd32f30x_it.o(.revsh_text), (4 bytes).
    Removing system_gd32f30x.o(.rev16_text), (4 bytes).
    Removing system_gd32f30x.o(.revsh_text), (4 bytes).
    Removing system_gd32f30x.o(i.SystemCoreClockUpdate), (184 bytes).
    Removing system_gd32f30x.o(.data), (4 bytes).
    Removing gd32f30x_bkp.o(.rev16_text), (4 bytes).
    Removing gd32f30x_bkp.o(.revsh_text), (4 bytes).
    Removing gd32f30x_bkp.o(i.bkp_deinit), (12 bytes).
    Removing gd32f30x_bkp.o(i.bkp_flag_clear), (20 bytes).
    Removing gd32f30x_bkp.o(i.bkp_flag_get), (24 bytes).
    Removing gd32f30x_bkp.o(i.bkp_interrupt_flag_clear), (20 bytes).
    Removing gd32f30x_bkp.o(i.bkp_interrupt_flag_get), (24 bytes).
    Removing gd32f30x_bkp.o(i.bkp_read_data), (56 bytes).
    Removing gd32f30x_bkp.o(i.bkp_rtc_calibration_output_disable), (20 bytes).
    Removing gd32f30x_bkp.o(i.bkp_rtc_calibration_output_enable), (20 bytes).
    Removing gd32f30x_bkp.o(i.bkp_rtc_calibration_value_set), (24 bytes).
    Removing gd32f30x_bkp.o(i.bkp_rtc_clock_calibration_direction), (24 bytes).
    Removing gd32f30x_bkp.o(i.bkp_rtc_clock_output_select), (28 bytes).
    Removing gd32f30x_bkp.o(i.bkp_rtc_output_select), (28 bytes).
    Removing gd32f30x_bkp.o(i.bkp_rtc_signal_output_disable), (20 bytes).
    Removing gd32f30x_bkp.o(i.bkp_rtc_signal_output_enable), (20 bytes).
    Removing gd32f30x_bkp.o(i.bkp_tamper_active_level_set), (28 bytes).
    Removing gd32f30x_bkp.o(i.bkp_tamper_detection_disable), (20 bytes).
    Removing gd32f30x_bkp.o(i.bkp_tamper_detection_enable), (20 bytes).
    Removing gd32f30x_bkp.o(i.bkp_tamper_interrupt_disable), (20 bytes).
    Removing gd32f30x_bkp.o(i.bkp_tamper_interrupt_enable), (20 bytes).
    Removing gd32f30x_bkp.o(i.bkp_write_data), (52 bytes).
    Removing gd32f30x_ctc.o(.rev16_text), (4 bytes).
    Removing gd32f30x_ctc.o(.revsh_text), (4 bytes).
    Removing gd32f30x_ctc.o(i.ctc_clock_limit_value_config), (28 bytes).
    Removing gd32f30x_ctc.o(i.ctc_counter_capture_value_read), (16 bytes).
    Removing gd32f30x_ctc.o(i.ctc_counter_direction_read), (24 bytes).
    Removing gd32f30x_ctc.o(i.ctc_counter_disable), (20 bytes).
    Removing gd32f30x_ctc.o(i.ctc_counter_enable), (20 bytes).
    Removing gd32f30x_ctc.o(i.ctc_counter_reload_value_config), (28 bytes).
    Removing gd32f30x_ctc.o(i.ctc_counter_reload_value_read), (16 bytes).
    Removing gd32f30x_ctc.o(i.ctc_deinit), (20 bytes).
    Removing gd32f30x_ctc.o(i.ctc_flag_clear), (36 bytes).
    Removing gd32f30x_ctc.o(i.ctc_flag_get), (24 bytes).
    Removing gd32f30x_ctc.o(i.ctc_hardware_trim_mode_config), (28 bytes).
    Removing gd32f30x_ctc.o(i.ctc_interrupt_disable), (16 bytes).
    Removing gd32f30x_ctc.o(i.ctc_interrupt_enable), (16 bytes).
    Removing gd32f30x_ctc.o(i.ctc_interrupt_flag_clear), (36 bytes).
    Removing gd32f30x_ctc.o(i.ctc_interrupt_flag_get), (56 bytes).
    Removing gd32f30x_ctc.o(i.ctc_irc48m_trim_value_config), (28 bytes).
    Removing gd32f30x_ctc.o(i.ctc_irc48m_trim_value_read), (16 bytes).
    Removing gd32f30x_ctc.o(i.ctc_refsource_polarity_config), (28 bytes).
    Removing gd32f30x_ctc.o(i.ctc_refsource_prescaler_config), (28 bytes).
    Removing gd32f30x_ctc.o(i.ctc_refsource_signal_select), (28 bytes).
    Removing gd32f30x_ctc.o(i.ctc_software_refsource_pulse_generate), (20 bytes).
    Removing gd32f30x_enet.o(.rev16_text), (4 bytes).
    Removing gd32f30x_enet.o(.revsh_text), (4 bytes).
    Removing gd32f30x_exmc.o(.rev16_text), (4 bytes).
    Removing gd32f30x_exmc.o(.revsh_text), (4 bytes).
    Removing gd32f30x_exmc.o(i.exmc_ecc_get), (12 bytes).
    Removing gd32f30x_exmc.o(i.exmc_flag_clear), (20 bytes).
    Removing gd32f30x_exmc.o(i.exmc_flag_get), (28 bytes).
    Removing gd32f30x_exmc.o(i.exmc_interrupt_disable), (20 bytes).
    Removing gd32f30x_exmc.o(i.exmc_interrupt_enable), (20 bytes).
    Removing gd32f30x_exmc.o(i.exmc_interrupt_flag_clear), (22 bytes).
    Removing gd32f30x_exmc.o(i.exmc_interrupt_flag_get), (38 bytes).
    Removing gd32f30x_exmc.o(i.exmc_nand_deinit), (42 bytes).
    Removing gd32f30x_exmc.o(i.exmc_nand_disable), (22 bytes).
    Removing gd32f30x_exmc.o(i.exmc_nand_ecc_config), (48 bytes).
    Removing gd32f30x_exmc.o(i.exmc_nand_enable), (22 bytes).
    Removing gd32f30x_exmc.o(i.exmc_nand_init), (174 bytes).
    Removing gd32f30x_exmc.o(i.exmc_nand_struct_para_init), (54 bytes).
    Removing gd32f30x_exmc.o(i.exmc_norsram_deinit), (52 bytes).
    Removing gd32f30x_exmc.o(i.exmc_norsram_disable), (22 bytes).
    Removing gd32f30x_exmc.o(i.exmc_norsram_enable), (22 bytes).
    Removing gd32f30x_exmc.o(i.exmc_norsram_init), (284 bytes).
    Removing gd32f30x_exmc.o(i.exmc_norsram_page_size_config), (40 bytes).
    Removing gd32f30x_exmc.o(i.exmc_norsram_struct_para_init), (106 bytes).
    Removing gd32f30x_exmc.o(i.exmc_pccard_deinit), (40 bytes).
    Removing gd32f30x_exmc.o(i.exmc_pccard_disable), (24 bytes).
    Removing gd32f30x_exmc.o(i.exmc_pccard_enable), (24 bytes).
    Removing gd32f30x_exmc.o(i.exmc_pccard_init), (192 bytes).
    Removing gd32f30x_exmc.o(i.exmc_pccard_struct_para_init), (60 bytes).
    Removing gd32f30x_exti.o(.rev16_text), (4 bytes).
    Removing gd32f30x_exti.o(.revsh_text), (4 bytes).
    Removing gd32f30x_exti.o(i.exti_deinit), (28 bytes).
    Removing gd32f30x_exti.o(i.exti_event_disable), (16 bytes).
    Removing gd32f30x_exti.o(i.exti_event_enable), (16 bytes).
    Removing gd32f30x_exti.o(i.exti_flag_clear), (12 bytes).
    Removing gd32f30x_exti.o(i.exti_flag_get), (24 bytes).
    Removing gd32f30x_exti.o(i.exti_init), (184 bytes).
    Removing gd32f30x_exti.o(i.exti_interrupt_disable), (16 bytes).
    Removing gd32f30x_exti.o(i.exti_interrupt_enable), (16 bytes).
    Removing gd32f30x_exti.o(i.exti_interrupt_flag_clear), (12 bytes).
    Removing gd32f30x_exti.o(i.exti_interrupt_flag_get), (36 bytes).
    Removing gd32f30x_exti.o(i.exti_software_interrupt_disable), (16 bytes).
    Removing gd32f30x_exti.o(i.exti_software_interrupt_enable), (16 bytes).
    Removing gd32f30x_fmc.o(.rev16_text), (4 bytes).
    Removing gd32f30x_fmc.o(.revsh_text), (4 bytes).
    Removing gd32f30x_fmc.o(i.fmc_bank0_erase), (68 bytes).
    Removing gd32f30x_fmc.o(i.fmc_bank0_lock), (20 bytes).
    Removing gd32f30x_fmc.o(i.fmc_bank0_unlock), (36 bytes).
    Removing gd32f30x_fmc.o(i.fmc_bank1_erase), (68 bytes).
    Removing gd32f30x_fmc.o(i.fmc_bank1_lock), (20 bytes).
    Removing gd32f30x_fmc.o(i.fmc_bank1_unlock), (36 bytes).
    Removing gd32f30x_fmc.o(i.fmc_flag_get), (36 bytes).
    Removing gd32f30x_fmc.o(i.fmc_interrupt_disable), (32 bytes).
    Removing gd32f30x_fmc.o(i.fmc_interrupt_enable), (32 bytes).
    Removing gd32f30x_fmc.o(i.fmc_interrupt_flag_clear), (32 bytes).
    Removing gd32f30x_fmc.o(i.fmc_interrupt_flag_get), (108 bytes).
    Removing gd32f30x_fmc.o(i.fmc_mass_erase), (200 bytes).
    Removing gd32f30x_fmc.o(i.fmc_word_reprogram), (244 bytes).
    Removing gd32f30x_fmc.o(i.fmc_wscnt_set), (24 bytes).
    Removing gd32f30x_fmc.o(i.ob_data_get), (16 bytes).
    Removing gd32f30x_fmc.o(i.ob_data_program), (68 bytes).
    Removing gd32f30x_fmc.o(i.ob_erase), (140 bytes).
    Removing gd32f30x_fmc.o(i.ob_lock), (20 bytes).
    Removing gd32f30x_fmc.o(i.ob_security_protection_config), (132 bytes).
    Removing gd32f30x_fmc.o(i.ob_spc_get), (24 bytes).
    Removing gd32f30x_fmc.o(i.ob_unlock), (36 bytes).
    Removing gd32f30x_fmc.o(i.ob_user_get), (16 bytes).
    Removing gd32f30x_fmc.o(i.ob_user_write), (96 bytes).
    Removing gd32f30x_fmc.o(i.ob_write_protection_enable), (168 bytes).
    Removing gd32f30x_fmc.o(i.ob_write_protection_get), (12 bytes).
    Removing gd32f30x_gpio.o(.rev16_text), (4 bytes).
    Removing gd32f30x_gpio.o(.revsh_text), (4 bytes).
    Removing gd32f30x_gpio.o(i.gpio_afio_deinit), (20 bytes).
    Removing gd32f30x_gpio.o(i.gpio_bit_reset), (4 bytes).
    Removing gd32f30x_gpio.o(i.gpio_bit_set), (4 bytes).
    Removing gd32f30x_gpio.o(i.gpio_bit_write), (10 bytes).
    Removing gd32f30x_gpio.o(i.gpio_compensation_config), (24 bytes).
    Removing gd32f30x_gpio.o(i.gpio_compensation_flag_get), (24 bytes).
    Removing gd32f30x_gpio.o(i.gpio_deinit), (196 bytes).
    Removing gd32f30x_gpio.o(i.gpio_event_output_config), (28 bytes).
    Removing gd32f30x_gpio.o(i.gpio_event_output_disable), (20 bytes).
    Removing gd32f30x_gpio.o(i.gpio_event_output_enable), (20 bytes).
    Removing gd32f30x_gpio.o(i.gpio_exti_source_select), (152 bytes).
    Removing gd32f30x_gpio.o(i.gpio_input_bit_get), (16 bytes).
    Removing gd32f30x_gpio.o(i.gpio_input_port_get), (8 bytes).
    Removing gd32f30x_gpio.o(i.gpio_output_bit_get), (16 bytes).
    Removing gd32f30x_gpio.o(i.gpio_output_port_get), (8 bytes).
    Removing gd32f30x_gpio.o(i.gpio_pin_lock), (18 bytes).
    Removing gd32f30x_gpio.o(i.gpio_pin_remap_config), (144 bytes).
    Removing gd32f30x_gpio.o(i.gpio_port_write), (4 bytes).
    Removing gd32f30x_misc.o(.rev16_text), (4 bytes).
    Removing gd32f30x_misc.o(.revsh_text), (4 bytes).
    Removing gd32f30x_misc.o(i.nvic_irq_disable), (24 bytes).
    Removing gd32f30x_misc.o(i.nvic_irq_enable), (196 bytes).
    Removing gd32f30x_misc.o(i.nvic_priority_group_set), (20 bytes).
    Removing gd32f30x_misc.o(i.system_lowpower_reset), (16 bytes).
    Removing gd32f30x_misc.o(i.system_lowpower_set), (16 bytes).
    Removing gd32f30x_misc.o(i.systick_clksource_set), (40 bytes).
    Removing gd32f30x_rcu.o(.rev16_text), (4 bytes).
    Removing gd32f30x_rcu.o(.revsh_text), (4 bytes).
    Removing gd32f30x_rcu.o(i.rcu_adc_clock_config), (108 bytes).
    Removing gd32f30x_rcu.o(i.rcu_ahb_clock_config), (24 bytes).
    Removing gd32f30x_rcu.o(i.rcu_all_reset_flag_clear), (20 bytes).
    Removing gd32f30x_rcu.o(i.rcu_apb1_clock_config), (24 bytes).
    Removing gd32f30x_rcu.o(i.rcu_apb2_clock_config), (24 bytes).
    Removing gd32f30x_rcu.o(i.rcu_bkp_reset_disable), (20 bytes).
    Removing gd32f30x_rcu.o(i.rcu_bkp_reset_enable), (20 bytes).
    Removing gd32f30x_rcu.o(i.rcu_ck48m_clock_config), (28 bytes).
    Removing gd32f30x_rcu.o(i.rcu_ckout0_config), (24 bytes).
    Removing gd32f30x_rcu.o(i.rcu_deepsleep_voltage_set), (16 bytes).
    Removing gd32f30x_rcu.o(i.rcu_deinit), (84 bytes).
    Removing gd32f30x_rcu.o(i.rcu_flag_get), (36 bytes).
    Removing gd32f30x_rcu.o(i.rcu_hxtal_clock_monitor_disable), (20 bytes).
    Removing gd32f30x_rcu.o(i.rcu_hxtal_clock_monitor_enable), (20 bytes).
    Removing gd32f30x_rcu.o(i.rcu_interrupt_disable), (32 bytes).
    Removing gd32f30x_rcu.o(i.rcu_interrupt_enable), (32 bytes).
    Removing gd32f30x_rcu.o(i.rcu_interrupt_flag_clear), (32 bytes).
    Removing gd32f30x_rcu.o(i.rcu_interrupt_flag_get), (36 bytes).
    Removing gd32f30x_rcu.o(i.rcu_irc8m_adjust_value_set), (28 bytes).
    Removing gd32f30x_rcu.o(i.rcu_lxtal_drive_capability_config), (24 bytes).
    Removing gd32f30x_rcu.o(i.rcu_osci_bypass_mode_disable), (100 bytes).
    Removing gd32f30x_rcu.o(i.rcu_osci_bypass_mode_enable), (100 bytes).
    Removing gd32f30x_rcu.o(i.rcu_osci_off), (32 bytes).
    Removing gd32f30x_rcu.o(i.rcu_osci_on), (32 bytes).
    Removing gd32f30x_rcu.o(i.rcu_osci_stab_wait), (272 bytes).
    Removing gd32f30x_rcu.o(i.rcu_periph_clock_disable), (32 bytes).
    Removing gd32f30x_rcu.o(i.rcu_periph_clock_sleep_disable), (32 bytes).
    Removing gd32f30x_rcu.o(i.rcu_periph_clock_sleep_enable), (32 bytes).
    Removing gd32f30x_rcu.o(i.rcu_pll_config), (32 bytes).
    Removing gd32f30x_rcu.o(i.rcu_pllpresel_config), (24 bytes).
    Removing gd32f30x_rcu.o(i.rcu_predv0_config), (32 bytes).
    Removing gd32f30x_rcu.o(i.rcu_rtc_clock_config), (24 bytes).
    Removing gd32f30x_rcu.o(i.rcu_system_clock_source_config), (24 bytes).
    Removing gd32f30x_rcu.o(i.rcu_system_clock_source_get), (16 bytes).
    Removing gd32f30x_rcu.o(i.rcu_usb_clock_config), (24 bytes).
    Removing gd32f30x_sdio.o(.rev16_text), (4 bytes).
    Removing gd32f30x_sdio.o(.revsh_text), (4 bytes).
    Removing gd32f30x_sdio.o(i.sdio_bus_mode_set), (28 bytes).
    Removing gd32f30x_sdio.o(i.sdio_ceata_command_completion_disable), (20 bytes).
    Removing gd32f30x_sdio.o(i.sdio_ceata_command_completion_enable), (20 bytes).
    Removing gd32f30x_sdio.o(i.sdio_ceata_command_disable), (20 bytes).
    Removing gd32f30x_sdio.o(i.sdio_ceata_command_enable), (20 bytes).
    Removing gd32f30x_sdio.o(i.sdio_ceata_interrupt_disable), (20 bytes).
    Removing gd32f30x_sdio.o(i.sdio_ceata_interrupt_enable), (20 bytes).
    Removing gd32f30x_sdio.o(i.sdio_clock_config), (52 bytes).
    Removing gd32f30x_sdio.o(i.sdio_clock_disable), (20 bytes).
    Removing gd32f30x_sdio.o(i.sdio_clock_enable), (20 bytes).
    Removing gd32f30x_sdio.o(i.sdio_command_index_get), (12 bytes).
    Removing gd32f30x_sdio.o(i.sdio_command_response_config), (44 bytes).
    Removing gd32f30x_sdio.o(i.sdio_csm_disable), (20 bytes).
    Removing gd32f30x_sdio.o(i.sdio_csm_enable), (20 bytes).
    Removing gd32f30x_sdio.o(i.sdio_data_config), (52 bytes).
    Removing gd32f30x_sdio.o(i.sdio_data_counter_get), (12 bytes).
    Removing gd32f30x_sdio.o(i.sdio_data_read), (12 bytes).
    Removing gd32f30x_sdio.o(i.sdio_data_transfer_config), (28 bytes).
    Removing gd32f30x_sdio.o(i.sdio_data_write), (12 bytes).
    Removing gd32f30x_sdio.o(i.sdio_deinit), (28 bytes).
    Removing gd32f30x_sdio.o(i.sdio_dma_disable), (20 bytes).
    Removing gd32f30x_sdio.o(i.sdio_dma_enable), (20 bytes).
    Removing gd32f30x_sdio.o(i.sdio_dsm_disable), (20 bytes).
    Removing gd32f30x_sdio.o(i.sdio_dsm_enable), (20 bytes).
    Removing gd32f30x_sdio.o(i.sdio_fifo_counter_get), (12 bytes).
    Removing gd32f30x_sdio.o(i.sdio_flag_clear), (12 bytes).
    Removing gd32f30x_sdio.o(i.sdio_flag_get), (24 bytes).
    Removing gd32f30x_sdio.o(i.sdio_hardware_clock_disable), (20 bytes).
    Removing gd32f30x_sdio.o(i.sdio_hardware_clock_enable), (20 bytes).
    Removing gd32f30x_sdio.o(i.sdio_interrupt_disable), (16 bytes).
    Removing gd32f30x_sdio.o(i.sdio_interrupt_enable), (16 bytes).
    Removing gd32f30x_sdio.o(i.sdio_interrupt_flag_clear), (12 bytes).
    Removing gd32f30x_sdio.o(i.sdio_interrupt_flag_get), (24 bytes).
    Removing gd32f30x_sdio.o(i.sdio_operation_disable), (20 bytes).
    Removing gd32f30x_sdio.o(i.sdio_operation_enable), (20 bytes).
    Removing gd32f30x_sdio.o(i.sdio_power_state_get), (12 bytes).
    Removing gd32f30x_sdio.o(i.sdio_power_state_set), (12 bytes).
    Removing gd32f30x_sdio.o(i.sdio_readwait_disable), (20 bytes).
    Removing gd32f30x_sdio.o(i.sdio_readwait_enable), (20 bytes).
    Removing gd32f30x_sdio.o(i.sdio_readwait_type_set), (40 bytes).
    Removing gd32f30x_sdio.o(i.sdio_response_get), (56 bytes).
    Removing gd32f30x_sdio.o(i.sdio_stop_readwait_disable), (20 bytes).
    Removing gd32f30x_sdio.o(i.sdio_stop_readwait_enable), (20 bytes).
    Removing gd32f30x_sdio.o(i.sdio_suspend_disable), (20 bytes).
    Removing gd32f30x_sdio.o(i.sdio_suspend_enable), (20 bytes).
    Removing gd32f30x_sdio.o(i.sdio_wait_type_set), (28 bytes).
    Removing gd32f30x_usart.o(.rev16_text), (4 bytes).
    Removing gd32f30x_usart.o(.revsh_text), (4 bytes).
    Removing gd32f30x_usart.o(i.usart_address_config), (20 bytes).
    Removing gd32f30x_usart.o(i.usart_block_length_config), (28 bytes).
    Removing gd32f30x_usart.o(i.usart_data_first_config), (20 bytes).
    Removing gd32f30x_usart.o(i.usart_data_receive), (10 bytes).
    Removing gd32f30x_usart.o(i.usart_data_transmit), (8 bytes).
    Removing gd32f30x_usart.o(i.usart_dma_receive_config), (16 bytes).
    Removing gd32f30x_usart.o(i.usart_dma_transmit_config), (16 bytes).
    Removing gd32f30x_usart.o(i.usart_flag_clear), (26 bytes).
    Removing gd32f30x_usart.o(i.usart_flag_get), (30 bytes).
    Removing gd32f30x_usart.o(i.usart_guard_time_config), (24 bytes).
    Removing gd32f30x_usart.o(i.usart_halfduplex_disable), (10 bytes).
    Removing gd32f30x_usart.o(i.usart_halfduplex_enable), (10 bytes).
    Removing gd32f30x_usart.o(i.usart_interrupt_disable), (26 bytes).
    Removing gd32f30x_usart.o(i.usart_interrupt_enable), (26 bytes).
    Removing gd32f30x_usart.o(i.usart_interrupt_flag_clear), (26 bytes).
    Removing gd32f30x_usart.o(i.usart_interrupt_flag_get), (56 bytes).
    Removing gd32f30x_usart.o(i.usart_invert_config), (104 bytes).
    Removing gd32f30x_usart.o(i.usart_irda_lowpower_config), (20 bytes).
    Removing gd32f30x_usart.o(i.usart_irda_mode_disable), (10 bytes).
    Removing gd32f30x_usart.o(i.usart_irda_mode_enable), (10 bytes).
    Removing gd32f30x_usart.o(i.usart_lin_break_detection_length_config), (20 bytes).
    Removing gd32f30x_usart.o(i.usart_lin_mode_disable), (10 bytes).
    Removing gd32f30x_usart.o(i.usart_lin_mode_enable), (10 bytes).
    Removing gd32f30x_usart.o(i.usart_mute_mode_disable), (10 bytes).
    Removing gd32f30x_usart.o(i.usart_mute_mode_enable), (10 bytes).
    Removing gd32f30x_usart.o(i.usart_mute_mode_wakeup_config), (16 bytes).
    Removing gd32f30x_usart.o(i.usart_prescaler_config), (16 bytes).
    Removing gd32f30x_usart.o(i.usart_receiver_timeout_disable), (14 bytes).
    Removing gd32f30x_usart.o(i.usart_receiver_timeout_enable), (14 bytes).
    Removing gd32f30x_usart.o(i.usart_receiver_timeout_threshold_config), (20 bytes).
    Removing gd32f30x_usart.o(i.usart_send_break), (10 bytes).
    Removing gd32f30x_usart.o(i.usart_smartcard_autoretry_config), (26 bytes).
    Removing gd32f30x_usart.o(i.usart_smartcard_mode_disable), (10 bytes).
    Removing gd32f30x_usart.o(i.usart_smartcard_mode_enable), (10 bytes).
    Removing gd32f30x_usart.o(i.usart_smartcard_mode_nack_disable), (10 bytes).
    Removing gd32f30x_usart.o(i.usart_smartcard_mode_nack_enable), (10 bytes).
    Removing gd32f30x_usart.o(i.usart_synchronous_clock_config), (34 bytes).
    Removing gd32f30x_usart.o(i.usart_synchronous_clock_disable), (10 bytes).
    Removing gd32f30x_usart.o(i.usart_synchronous_clock_enable), (10 bytes).
    Removing startup_gd32f30x_cl.o(HEAP), (32768 bytes).
    Removing usart.o(.rev16_text), (4 bytes).
    Removing usart.o(.revsh_text), (4 bytes).
    Removing usart.o(i.fputc), (36 bytes).

285 unused section(s) (total 41956 bytes) removed from the image.

==============================================================================

Image Symbol Table

    Local Symbols

    Symbol Name                              Value     Ov Type        Size  Object(Section)

    ../clib/microlib/init/entry.s            0x00000000   Number         0  entry.o ABSOLUTE
    ../clib/microlib/init/entry.s            0x00000000   Number         0  entry9a.o ABSOLUTE
    ../clib/microlib/init/entry.s            0x00000000   Number         0  entry2.o ABSOLUTE
    ../clib/microlib/init/entry.s            0x00000000   Number         0  entry5.o ABSOLUTE
    ../clib/microlib/init/entry.s            0x00000000   Number         0  entry7a.o ABSOLUTE
    ../clib/microlib/init/entry.s            0x00000000   Number         0  entry11b.o ABSOLUTE
    ../clib/microlib/init/entry.s            0x00000000   Number         0  entry11a.o ABSOLUTE
    ../clib/microlib/init/entry.s            0x00000000   Number         0  entry10b.o ABSOLUTE
    ../clib/microlib/init/entry.s            0x00000000   Number         0  entry10a.o ABSOLUTE
    ../clib/microlib/init/entry.s            0x00000000   Number         0  entry9b.o ABSOLUTE
    ../clib/microlib/init/entry.s            0x00000000   Number         0  entry8b.o ABSOLUTE
    ../clib/microlib/init/entry.s            0x00000000   Number         0  entry8a.o ABSOLUTE
    ../clib/microlib/init/entry.s            0x00000000   Number         0  entry7b.o ABSOLUTE
    CMSIS\GD32F30x\Source\ARM\startup_gd32f30x_cl.s 0x00000000   Number         0  startup_gd32f30x_cl.o ABSOLUTE
    CMSIS\GD32F30x\Source\system_gd32f30x.c  0x00000000   Number         0  system_gd32f30x.o ABSOLUTE
    CMSIS\\GD32F30x\\Source\\system_gd32f30x.c 0x00000000   Number         0  system_gd32f30x.o ABSOLUTE
    GD32F30x_standard_peripheral\Source\gd32f30x_bkp.c 0x00000000   Number         0  gd32f30x_bkp.o ABSOLUTE
    GD32F30x_standard_peripheral\Source\gd32f30x_ctc.c 0x00000000   Number         0  gd32f30x_ctc.o ABSOLUTE
    GD32F30x_standard_peripheral\Source\gd32f30x_enet.c 0x00000000   Number         0  gd32f30x_enet.o ABSOLUTE
    GD32F30x_standard_peripheral\Source\gd32f30x_exmc.c 0x00000000   Number         0  gd32f30x_exmc.o ABSOLUTE
    GD32F30x_standard_peripheral\Source\gd32f30x_exti.c 0x00000000   Number         0  gd32f30x_exti.o ABSOLUTE
    GD32F30x_standard_peripheral\Source\gd32f30x_fmc.c 0x00000000   Number         0  gd32f30x_fmc.o ABSOLUTE
    GD32F30x_standard_peripheral\Source\gd32f30x_gpio.c 0x00000000   Number         0  gd32f30x_gpio.o ABSOLUTE
    GD32F30x_standard_peripheral\Source\gd32f30x_misc.c 0x00000000   Number         0  gd32f30x_misc.o ABSOLUTE
    GD32F30x_standard_peripheral\Source\gd32f30x_rcu.c 0x00000000   Number         0  gd32f30x_rcu.o ABSOLUTE
    GD32F30x_standard_peripheral\Source\gd32f30x_sdio.c 0x00000000   Number         0  gd32f30x_sdio.o ABSOLUTE
    GD32F30x_standard_peripheral\Source\gd32f30x_usart.c 0x00000000   Number         0  gd32f30x_usart.o ABSOLUTE
    GD32F30x_standard_peripheral\\Source\\gd32f30x_bkp.c 0x00000000   Number         0  gd32f30x_bkp.o ABSOLUTE
    GD32F30x_standard_peripheral\\Source\\gd32f30x_ctc.c 0x00000000   Number         0  gd32f30x_ctc.o ABSOLUTE
    GD32F30x_standard_peripheral\\Source\\gd32f30x_enet.c 0x00000000   Number         0  gd32f30x_enet.o ABSOLUTE
    GD32F30x_standard_peripheral\\Source\\gd32f30x_exmc.c 0x00000000   Number         0  gd32f30x_exmc.o ABSOLUTE
    GD32F30x_standard_peripheral\\Source\\gd32f30x_exti.c 0x00000000   Number         0  gd32f30x_exti.o ABSOLUTE
    GD32F30x_standard_peripheral\\Source\\gd32f30x_fmc.c 0x00000000   Number         0  gd32f30x_fmc.o ABSOLUTE
    GD32F30x_standard_peripheral\\Source\\gd32f30x_gpio.c 0x00000000   Number         0  gd32f30x_gpio.o ABSOLUTE
    GD32F30x_standard_peripheral\\Source\\gd32f30x_misc.c 0x00000000   Number         0  gd32f30x_misc.o ABSOLUTE
    GD32F30x_standard_peripheral\\Source\\gd32f30x_rcu.c 0x00000000   Number         0  gd32f30x_rcu.o ABSOLUTE
    GD32F30x_standard_peripheral\\Source\\gd32f30x_sdio.c 0x00000000   Number         0  gd32f30x_sdio.o ABSOLUTE
    GD32F30x_standard_peripheral\\Source\\gd32f30x_usart.c 0x00000000   Number         0  gd32f30x_usart.o ABSOLUTE
    Hardware\\usart.c                        0x00000000   Number         0  usart.o ABSOLUTE
    Hardware\usart.c                         0x00000000   Number         0  usart.o ABSOLUTE
    dc.s                                     0x00000000   Number         0  dc.o ABSOLUTE
    gd32f30x_it.c                            0x00000000   Number         0  gd32f30x_it.o ABSOLUTE
    gd32f30x_it.c                            0x00000000   Number         0  gd32f30x_it.o ABSOLUTE
    handlers.s                               0x00000000   Number         0  handlers.o ABSOLUTE
    iap.c                                    0x00000000   Number         0  iap.o ABSOLUTE
    iap.c                                    0x00000000   Number         0  iap.o ABSOLUTE
    init.s                                   0x00000000   Number         0  init.o ABSOLUTE
    main.c                                   0x00000000   Number         0  main.o ABSOLUTE
    main.c                                   0x00000000   Number         0  main.o ABSOLUTE
    RESET                                    0x08000000   Section      336  startup_gd32f30x_cl.o(RESET)
    .ARM.Collect$$$$00000000                 0x08000150   Section        0  entry.o(.ARM.Collect$$$$00000000)
    .ARM.Collect$$$$00000001                 0x08000150   Section        4  entry2.o(.ARM.Collect$$$$00000001)
    .ARM.Collect$$$$00000004                 0x08000154   Section        4  entry5.o(.ARM.Collect$$$$00000004)
    .ARM.Collect$$$$00000008                 0x08000158   Section        0  entry7b.o(.ARM.Collect$$$$00000008)
    .ARM.Collect$$$$0000000A                 0x08000158   Section        0  entry8b.o(.ARM.Collect$$$$0000000A)
    .ARM.Collect$$$$0000000B                 0x08000158   Section        8  entry9a.o(.ARM.Collect$$$$0000000B)
    .ARM.Collect$$$$0000000D                 0x08000160   Section        0  entry10a.o(.ARM.Collect$$$$0000000D)
    .ARM.Collect$$$$0000000F                 0x08000160   Section        0  entry11a.o(.ARM.Collect$$$$0000000F)
    .ARM.Collect$$$$00002712                 0x08000160   Section        4  entry2.o(.ARM.Collect$$$$00002712)
    __lit__00000000                          0x08000160   Data           4  entry2.o(.ARM.Collect$$$$00002712)
    .text                                    0x08000164   Section       36  startup_gd32f30x_cl.o(.text)
    $v0                                      0x08000164   Number         0  startup_gd32f30x_cl.o(.text)
    .text                                    0x08000188   Section       36  init.o(.text)
    i.BusFault_Handler                       0x080001ac   Section        0  gd32f30x_it.o(i.BusFault_Handler)
    i.DebugMon_Handler                       0x080001b0   Section        0  gd32f30x_it.o(i.DebugMon_Handler)
    i.HardFault_Handler                      0x080001b2   Section        0  gd32f30x_it.o(i.HardFault_Handler)
    i.Jump_to_APP                            0x080001b8   Section        0  iap.o(i.Jump_to_APP)
    i.MemManage_Handler                      0x08000260   Section        0  gd32f30x_it.o(i.MemManage_Handler)
    i.NMI_Handler                            0x08000264   Section        0  gd32f30x_it.o(i.NMI_Handler)
    i.SystemInit                             0x08000268   Section        0  system_gd32f30x.o(i.SystemInit)
    i.Update_Init_Flag                       0x080002d8   Section        0  iap.o(i.Update_Init_Flag)
    i.UsageFault_Handler                     0x0800030c   Section        0  gd32f30x_it.o(i.UsageFault_Handler)
    i.Write_APP_Size                         0x08000310   Section        0  iap.o(i.Write_APP_Size)
    i.__scatterload_copy                     0x08000324   Section       14  handlers.o(i.__scatterload_copy)
    i.__scatterload_null                     0x08000332   Section        2  handlers.o(i.__scatterload_null)
    i.__scatterload_zeroinit                 0x08000334   Section       14  handlers.o(i.__scatterload_zeroinit)
    i.flash_read_word                        0x08000342   Section        0  iap.o(i.flash_read_word)
    i.flash_write_buffer                     0x08000348   Section        0  iap.o(i.flash_write_buffer)
    i.fmc_bank0_ready_wait                   0x080004a0   Section        0  gd32f30x_fmc.o(i.fmc_bank0_ready_wait)
    i.fmc_bank0_state_get                    0x080004c4   Section        0  gd32f30x_fmc.o(i.fmc_bank0_state_get)
    i.fmc_bank1_ready_wait                   0x080004f4   Section        0  gd32f30x_fmc.o(i.fmc_bank1_ready_wait)
    i.fmc_bank1_state_get                    0x08000518   Section        0  gd32f30x_fmc.o(i.fmc_bank1_state_get)
    i.fmc_flag_clear                         0x08000548   Section        0  gd32f30x_fmc.o(i.fmc_flag_clear)
    i.fmc_halfword_program                   0x08000568   Section        0  gd32f30x_fmc.o(i.fmc_halfword_program)
    i.fmc_lock                               0x08000628   Section        0  gd32f30x_fmc.o(i.fmc_lock)
    i.fmc_page_erase                         0x08000654   Section        0  gd32f30x_fmc.o(i.fmc_page_erase)
    i.fmc_unlock                             0x08000740   Section        0  gd32f30x_fmc.o(i.fmc_unlock)
    i.fmc_word_program                       0x08000784   Section        0  gd32f30x_fmc.o(i.fmc_word_program)
    i.gpio_init                              0x08000844   Section        0  gd32f30x_gpio.o(i.gpio_init)
    i.main                                   0x08000900   Section        0  main.o(i.main)
    i.nvic_vector_table_set                  0x08000918   Section        0  gd32f30x_misc.o(i.nvic_vector_table_set)
    i.rcu_clock_freq_get                     0x0800092c   Section        0  gd32f30x_rcu.o(i.rcu_clock_freq_get)
    i.rcu_periph_clock_enable                0x08000a84   Section        0  gd32f30x_rcu.o(i.rcu_periph_clock_enable)
    i.rcu_periph_reset_disable               0x08000aa4   Section        0  gd32f30x_rcu.o(i.rcu_periph_reset_disable)
    i.rcu_periph_reset_enable                0x08000ac4   Section        0  gd32f30x_rcu.o(i.rcu_periph_reset_enable)
    i.system_clock_120m_hxtal                0x08000ae4   Section        0  system_gd32f30x.o(i.system_clock_120m_hxtal)
    system_clock_120m_hxtal                  0x08000ae5   Thumb Code   258  system_gd32f30x.o(i.system_clock_120m_hxtal)
    i.system_clock_config                    0x08000bf8   Section        0  system_gd32f30x.o(i.system_clock_config)
    system_clock_config                      0x08000bf9   Thumb Code     8  system_gd32f30x.o(i.system_clock_config)
    i.usart_baudrate_set                     0x08000c00   Section        0  gd32f30x_usart.o(i.usart_baudrate_set)
    i.usart_config                           0x08000c90   Section        0  usart.o(i.usart_config)
    i.usart_deinit                           0x08000d20   Section        0  gd32f30x_usart.o(i.usart_deinit)
    i.usart_disable                          0x08000db0   Section        0  gd32f30x_usart.o(i.usart_disable)
    i.usart_enable                           0x08000dba   Section        0  gd32f30x_usart.o(i.usart_enable)
    i.usart_hardware_flow_cts_config         0x08000dc4   Section        0  gd32f30x_usart.o(i.usart_hardware_flow_cts_config)
    i.usart_hardware_flow_rts_config         0x08000dd4   Section        0  gd32f30x_usart.o(i.usart_hardware_flow_rts_config)
    i.usart_parity_config                    0x08000de4   Section        0  gd32f30x_usart.o(i.usart_parity_config)
    i.usart_receive_config                   0x08000df4   Section        0  gd32f30x_usart.o(i.usart_receive_config)
    i.usart_stop_bit_set                     0x08000e04   Section        0  gd32f30x_usart.o(i.usart_stop_bit_set)
    i.usart_transmit_config                  0x08000e14   Section        0  gd32f30x_usart.o(i.usart_transmit_config)
    i.usart_word_length_set                  0x08000e24   Section        0  gd32f30x_usart.o(i.usart_word_length_set)
    STACK                                    0x20000000   Section     1024  startup_gd32f30x_cl.o(STACK)

    Global Symbols

    Symbol Name                              Value     Ov Type        Size  Object(Section)

    BuildAttributes$$THM_ISAv4$E$P$D$K$B$S$7EM$VFPi3$EXTD16$VFPS$VFMA$PE$A:L22UL41UL21$X:L11$S22US41US21$IEEE1$IW$USESV6$~STKCKD$USESV7$~SHL$OSPACE$EBA8$MICROLIB$REQ8$PRES8$EABIv2 0x00000000   Number         0  anon$$obj.o ABSOLUTE
    __ARM_use_no_argv                        0x00000000   Number         0  main.o ABSOLUTE
    __cpp_initialize__aeabi_                  - Undefined Weak Reference
    __cxa_finalize                            - Undefined Weak Reference
    __decompress                              - Undefined Weak Reference
    _clock_init                               - Undefined Weak Reference
    _microlib_exit                            - Undefined Weak Reference
    __Vectors_Size                           0x00000150   Number         0  startup_gd32f30x_cl.o ABSOLUTE
    __Vectors                                0x08000000   Data           4  startup_gd32f30x_cl.o(RESET)
    __Vectors_End                            0x08000150   Data           0  startup_gd32f30x_cl.o(RESET)
    __main                                   0x08000151   Thumb Code     0  entry.o(.ARM.Collect$$$$00000000)
    _main_stk                                0x08000151   Thumb Code     0  entry2.o(.ARM.Collect$$$$00000001)
    _main_scatterload                        0x08000155   Thumb Code     0  entry5.o(.ARM.Collect$$$$00000004)
    __main_after_scatterload                 0x08000159   Thumb Code     0  entry5.o(.ARM.Collect$$$$00000004)
    _main_clock                              0x08000159   Thumb Code     0  entry7b.o(.ARM.Collect$$$$00000008)
    _main_cpp_init                           0x08000159   Thumb Code     0  entry8b.o(.ARM.Collect$$$$0000000A)
    _main_init                               0x08000159   Thumb Code     0  entry9a.o(.ARM.Collect$$$$0000000B)
    __rt_final_cpp                           0x08000161   Thumb Code     0  entry10a.o(.ARM.Collect$$$$0000000D)
    __rt_final_exit                          0x08000161   Thumb Code     0  entry11a.o(.ARM.Collect$$$$0000000F)
    Reset_Handler                            0x08000165   Thumb Code     8  startup_gd32f30x_cl.o(.text)
    SVC_Handler                              0x08000177   Thumb Code     2  startup_gd32f30x_cl.o(.text)
    PendSV_Handler                           0x0800017b   Thumb Code     2  startup_gd32f30x_cl.o(.text)
    SysTick_Handler                          0x0800017d   Thumb Code     2  startup_gd32f30x_cl.o(.text)
    ADC0_1_IRQHandler                        0x0800017f   Thumb Code     0  startup_gd32f30x_cl.o(.text)
    CAN0_EWMC_IRQHandler                     0x0800017f   Thumb Code     0  startup_gd32f30x_cl.o(.text)
    CAN0_RX0_IRQHandler                      0x0800017f   Thumb Code     0  startup_gd32f30x_cl.o(.text)
    CAN0_RX1_IRQHandler                      0x0800017f   Thumb Code     0  startup_gd32f30x_cl.o(.text)
    CAN0_TX_IRQHandler                       0x0800017f   Thumb Code     0  startup_gd32f30x_cl.o(.text)
    CAN1_EWMC_IRQHandler                     0x0800017f   Thumb Code     0  startup_gd32f30x_cl.o(.text)
    CAN1_RX0_IRQHandler                      0x0800017f   Thumb Code     0  startup_gd32f30x_cl.o(.text)
    CAN1_RX1_IRQHandler                      0x0800017f   Thumb Code     0  startup_gd32f30x_cl.o(.text)
    CAN1_TX_IRQHandler                       0x0800017f   Thumb Code     0  startup_gd32f30x_cl.o(.text)
    DMA0_Channel0_IRQHandler                 0x0800017f   Thumb Code     0  startup_gd32f30x_cl.o(.text)
    DMA0_Channel1_IRQHandler                 0x0800017f   Thumb Code     0  startup_gd32f30x_cl.o(.text)
    DMA0_Channel2_IRQHandler                 0x0800017f   Thumb Code     0  startup_gd32f30x_cl.o(.text)
    DMA0_Channel3_IRQHandler                 0x0800017f   Thumb Code     0  startup_gd32f30x_cl.o(.text)
    DMA0_Channel4_IRQHandler                 0x0800017f   Thumb Code     0  startup_gd32f30x_cl.o(.text)
    DMA0_Channel5_IRQHandler                 0x0800017f   Thumb Code     0  startup_gd32f30x_cl.o(.text)
    DMA0_Channel6_IRQHandler                 0x0800017f   Thumb Code     0  startup_gd32f30x_cl.o(.text)
    DMA1_Channel0_IRQHandler                 0x0800017f   Thumb Code     0  startup_gd32f30x_cl.o(.text)
    DMA1_Channel1_IRQHandler                 0x0800017f   Thumb Code     0  startup_gd32f30x_cl.o(.text)
    DMA1_Channel2_IRQHandler                 0x0800017f   Thumb Code     0  startup_gd32f30x_cl.o(.text)
    DMA1_Channel3_IRQHandler                 0x0800017f   Thumb Code     0  startup_gd32f30x_cl.o(.text)
    DMA1_Channel4_IRQHandler                 0x0800017f   Thumb Code     0  startup_gd32f30x_cl.o(.text)
    ENET_IRQHandler                          0x0800017f   Thumb Code     0  startup_gd32f30x_cl.o(.text)
    ENET_WKUP_IRQHandler                     0x0800017f   Thumb Code     0  startup_gd32f30x_cl.o(.text)
    EXMC_IRQHandler                          0x0800017f   Thumb Code     0  startup_gd32f30x_cl.o(.text)
    EXTI0_IRQHandler                         0x0800017f   Thumb Code     0  startup_gd32f30x_cl.o(.text)
    EXTI10_15_IRQHandler                     0x0800017f   Thumb Code     0  startup_gd32f30x_cl.o(.text)
    EXTI1_IRQHandler                         0x0800017f   Thumb Code     0  startup_gd32f30x_cl.o(.text)
    EXTI2_IRQHandler                         0x0800017f   Thumb Code     0  startup_gd32f30x_cl.o(.text)
    EXTI3_IRQHandler                         0x0800017f   Thumb Code     0  startup_gd32f30x_cl.o(.text)
    EXTI4_IRQHandler                         0x0800017f   Thumb Code     0  startup_gd32f30x_cl.o(.text)
    EXTI5_9_IRQHandler                       0x0800017f   Thumb Code     0  startup_gd32f30x_cl.o(.text)
    FMC_IRQHandler                           0x0800017f   Thumb Code     0  startup_gd32f30x_cl.o(.text)
    I2C0_ER_IRQHandler                       0x0800017f   Thumb Code     0  startup_gd32f30x_cl.o(.text)
    I2C0_EV_IRQHandler                       0x0800017f   Thumb Code     0  startup_gd32f30x_cl.o(.text)
    I2C1_ER_IRQHandler                       0x0800017f   Thumb Code     0  startup_gd32f30x_cl.o(.text)
    I2C1_EV_IRQHandler                       0x0800017f   Thumb Code     0  startup_gd32f30x_cl.o(.text)
    LVD_IRQHandler                           0x0800017f   Thumb Code     0  startup_gd32f30x_cl.o(.text)
    RCU_CTC_IRQHandler                       0x0800017f   Thumb Code     0  startup_gd32f30x_cl.o(.text)
    RTC_Alarm_IRQHandler                     0x0800017f   Thumb Code     0  startup_gd32f30x_cl.o(.text)
    RTC_IRQHandler                           0x0800017f   Thumb Code     0  startup_gd32f30x_cl.o(.text)
    SPI0_IRQHandler                          0x0800017f   Thumb Code     0  startup_gd32f30x_cl.o(.text)
    SPI1_IRQHandler                          0x0800017f   Thumb Code     0  startup_gd32f30x_cl.o(.text)
    SPI2_IRQHandler                          0x0800017f   Thumb Code     0  startup_gd32f30x_cl.o(.text)
    TAMPER_IRQHandler                        0x0800017f   Thumb Code     0  startup_gd32f30x_cl.o(.text)
    TIMER0_BRK_TIMER8_IRQHandler             0x0800017f   Thumb Code     0  startup_gd32f30x_cl.o(.text)
    TIMER0_Channel_IRQHandler                0x0800017f   Thumb Code     0  startup_gd32f30x_cl.o(.text)
    TIMER0_TRG_CMT_TIMER10_IRQHandler        0x0800017f   Thumb Code     0  startup_gd32f30x_cl.o(.text)
    TIMER0_UP_TIMER9_IRQHandler              0x0800017f   Thumb Code     0  startup_gd32f30x_cl.o(.text)
    TIMER1_IRQHandler                        0x0800017f   Thumb Code     0  startup_gd32f30x_cl.o(.text)
    TIMER2_IRQHandler                        0x0800017f   Thumb Code     0  startup_gd32f30x_cl.o(.text)
    TIMER3_IRQHandler                        0x0800017f   Thumb Code     0  startup_gd32f30x_cl.o(.text)
    TIMER4_IRQHandler                        0x0800017f   Thumb Code     0  startup_gd32f30x_cl.o(.text)
    TIMER5_IRQHandler                        0x0800017f   Thumb Code     0  startup_gd32f30x_cl.o(.text)
    TIMER6_IRQHandler                        0x0800017f   Thumb Code     0  startup_gd32f30x_cl.o(.text)
    TIMER7_BRK_TIMER11_IRQHandler            0x0800017f   Thumb Code     0  startup_gd32f30x_cl.o(.text)
    TIMER7_Channel_IRQHandler                0x0800017f   Thumb Code     0  startup_gd32f30x_cl.o(.text)
    TIMER7_TRG_CMT_TIMER13_IRQHandler        0x0800017f   Thumb Code     0  startup_gd32f30x_cl.o(.text)
    TIMER7_UP_TIMER12_IRQHandler             0x0800017f   Thumb Code     0  startup_gd32f30x_cl.o(.text)
    UART3_IRQHandler                         0x0800017f   Thumb Code     0  startup_gd32f30x_cl.o(.text)
    UART4_IRQHandler                         0x0800017f   Thumb Code     0  startup_gd32f30x_cl.o(.text)
    USART0_IRQHandler                        0x0800017f   Thumb Code     0  startup_gd32f30x_cl.o(.text)
    USART1_IRQHandler                        0x0800017f   Thumb Code     0  startup_gd32f30x_cl.o(.text)
    USART2_IRQHandler                        0x0800017f   Thumb Code     0  startup_gd32f30x_cl.o(.text)
    USBFS_IRQHandler                         0x0800017f   Thumb Code     0  startup_gd32f30x_cl.o(.text)
    USBFS_WKUP_IRQHandler                    0x0800017f   Thumb Code     0  startup_gd32f30x_cl.o(.text)
    WWDGT_IRQHandler                         0x0800017f   Thumb Code     0  startup_gd32f30x_cl.o(.text)
    __scatterload                            0x08000189   Thumb Code    28  init.o(.text)
    __scatterload_rt2                        0x08000189   Thumb Code     0  init.o(.text)
    BusFault_Handler                         0x080001ad   Thumb Code     4  gd32f30x_it.o(i.BusFault_Handler)
    DebugMon_Handler                         0x080001b1   Thumb Code     2  gd32f30x_it.o(i.DebugMon_Handler)
    HardFault_Handler                        0x080001b3   Thumb Code     4  gd32f30x_it.o(i.HardFault_Handler)
    Jump_to_APP                              0x080001b9   Thumb Code   148  iap.o(i.Jump_to_APP)
    MemManage_Handler                        0x08000261   Thumb Code     4  gd32f30x_it.o(i.MemManage_Handler)
    NMI_Handler                              0x08000265   Thumb Code     2  gd32f30x_it.o(i.NMI_Handler)
    SystemInit                               0x08000269   Thumb Code   100  system_gd32f30x.o(i.SystemInit)
    Update_Init_Flag                         0x080002d9   Thumb Code    44  iap.o(i.Update_Init_Flag)
    UsageFault_Handler                       0x0800030d   Thumb Code     4  gd32f30x_it.o(i.UsageFault_Handler)
    Write_APP_Size                           0x08000311   Thumb Code    14  iap.o(i.Write_APP_Size)
    __scatterload_copy                       0x08000325   Thumb Code    14  handlers.o(i.__scatterload_copy)
    __scatterload_null                       0x08000333   Thumb Code     2  handlers.o(i.__scatterload_null)
    __scatterload_zeroinit                   0x08000335   Thumb Code    14  handlers.o(i.__scatterload_zeroinit)
    flash_read_word                          0x08000343   Thumb Code     6  iap.o(i.flash_read_word)
    flash_write_buffer                       0x08000349   Thumb Code   344  iap.o(i.flash_write_buffer)
    fmc_bank0_ready_wait                     0x080004a1   Thumb Code    34  gd32f30x_fmc.o(i.fmc_bank0_ready_wait)
    fmc_bank0_state_get                      0x080004c5   Thumb Code    44  gd32f30x_fmc.o(i.fmc_bank0_state_get)
    fmc_bank1_ready_wait                     0x080004f5   Thumb Code    34  gd32f30x_fmc.o(i.fmc_bank1_ready_wait)
    fmc_bank1_state_get                      0x08000519   Thumb Code    44  gd32f30x_fmc.o(i.fmc_bank1_state_get)
    fmc_flag_clear                           0x08000549   Thumb Code    28  gd32f30x_fmc.o(i.fmc_flag_clear)
    fmc_halfword_program                     0x08000569   Thumb Code   178  gd32f30x_fmc.o(i.fmc_halfword_program)
    fmc_lock                                 0x08000629   Thumb Code    34  gd32f30x_fmc.o(i.fmc_lock)
    fmc_page_erase                           0x08000655   Thumb Code   222  gd32f30x_fmc.o(i.fmc_page_erase)
    fmc_unlock                               0x08000741   Thumb Code    52  gd32f30x_fmc.o(i.fmc_unlock)
    fmc_word_program                         0x08000785   Thumb Code   178  gd32f30x_fmc.o(i.fmc_word_program)
    gpio_init                                0x08000845   Thumb Code   188  gd32f30x_gpio.o(i.gpio_init)
    main                                     0x08000901   Thumb Code    18  main.o(i.main)
    nvic_vector_table_set                    0x08000919   Thumb Code    12  gd32f30x_misc.o(i.nvic_vector_table_set)
    rcu_clock_freq_get                       0x0800092d   Thumb Code   310  gd32f30x_rcu.o(i.rcu_clock_freq_get)
    rcu_periph_clock_enable                  0x08000a85   Thumb Code    28  gd32f30x_rcu.o(i.rcu_periph_clock_enable)
    rcu_periph_reset_disable                 0x08000aa5   Thumb Code    28  gd32f30x_rcu.o(i.rcu_periph_reset_disable)
    rcu_periph_reset_enable                  0x08000ac5   Thumb Code    28  gd32f30x_rcu.o(i.rcu_periph_reset_enable)
    usart_baudrate_set                       0x08000c01   Thumb Code   136  gd32f30x_usart.o(i.usart_baudrate_set)
    usart_config                             0x08000c91   Thumb Code   134  usart.o(i.usart_config)
    usart_deinit                             0x08000d21   Thumb Code   136  gd32f30x_usart.o(i.usart_deinit)
    usart_disable                            0x08000db1   Thumb Code    10  gd32f30x_usart.o(i.usart_disable)
    usart_enable                             0x08000dbb   Thumb Code    10  gd32f30x_usart.o(i.usart_enable)
    usart_hardware_flow_cts_config           0x08000dc5   Thumb Code    16  gd32f30x_usart.o(i.usart_hardware_flow_cts_config)
    usart_hardware_flow_rts_config           0x08000dd5   Thumb Code    16  gd32f30x_usart.o(i.usart_hardware_flow_rts_config)
    usart_parity_config                      0x08000de5   Thumb Code    16  gd32f30x_usart.o(i.usart_parity_config)
    usart_receive_config                     0x08000df5   Thumb Code    16  gd32f30x_usart.o(i.usart_receive_config)
    usart_stop_bit_set                       0x08000e05   Thumb Code    16  gd32f30x_usart.o(i.usart_stop_bit_set)
    usart_transmit_config                    0x08000e15   Thumb Code    16  gd32f30x_usart.o(i.usart_transmit_config)
    usart_word_length_set                    0x08000e25   Thumb Code    16  gd32f30x_usart.o(i.usart_word_length_set)
    Region$$Table$$Base                      0x08000e34   Number         0  anon$$obj.o(Region$$Table)
    Region$$Table$$Limit                     0x08000e44   Number         0  anon$$obj.o(Region$$Table)
    __initial_sp                             0x20000400   Data           0  startup_gd32f30x_cl.o(STACK)



==============================================================================

Memory Map of the image

  Image Entry point : 0x08000151

  Load Region LR_IROM1 (Base: 0x08000000, Size: 0x00000e44, Max: 0x00004000, ABSOLUTE)

    Execution Region ER_IROM1 (Exec base: 0x08000000, Load base: 0x08000000, Size: 0x00000e44, Max: 0x00004000, ABSOLUTE)

    Exec Addr    Load Addr    Size         Type   Attr      Idx    E Section Name        Object

    0x08000000   0x08000000   0x00000150   Data   RO         2105    RESET               startup_gd32f30x_cl.o
    0x08000150   0x08000150   0x00000000   Code   RO         2146  * .ARM.Collect$$$$00000000  mc_w.l(entry.o)
    0x08000150   0x08000150   0x00000004   Code   RO         2149    .ARM.Collect$$$$00000001  mc_w.l(entry2.o)
    0x08000154   0x08000154   0x00000004   Code   RO         2152    .ARM.Collect$$$$00000004  mc_w.l(entry5.o)
    0x08000158   0x08000158   0x00000000   Code   RO         2154    .ARM.Collect$$$$00000008  mc_w.l(entry7b.o)
    0x08000158   0x08000158   0x00000000   Code   RO         2156    .ARM.Collect$$$$0000000A  mc_w.l(entry8b.o)
    0x08000158   0x08000158   0x00000008   Code   RO         2157    .ARM.Collect$$$$0000000B  mc_w.l(entry9a.o)
    0x08000160   0x08000160   0x00000000   Code   RO         2159    .ARM.Collect$$$$0000000D  mc_w.l(entry10a.o)
    0x08000160   0x08000160   0x00000000   Code   RO         2161    .ARM.Collect$$$$0000000F  mc_w.l(entry11a.o)
    0x08000160   0x08000160   0x00000004   Code   RO         2150    .ARM.Collect$$$$00002712  mc_w.l(entry2.o)
    0x08000164   0x08000164   0x00000024   Code   RO         2106    .text               startup_gd32f30x_cl.o
    0x08000188   0x08000188   0x00000024   Code   RO         2163    .text               mc_w.l(init.o)
    0x080001ac   0x080001ac   0x00000004   Code   RO          215    i.BusFault_Handler  gd32f30x_it.o
    0x080001b0   0x080001b0   0x00000002   Code   RO          216    i.DebugMon_Handler  gd32f30x_it.o
    0x080001b2   0x080001b2   0x00000004   Code   RO          217    i.HardFault_Handler  gd32f30x_it.o
    0x080001b6   0x080001b6   0x00000002   PAD
    0x080001b8   0x080001b8   0x000000a8   Code   RO          140    i.Jump_to_APP       iap.o
    0x08000260   0x08000260   0x00000004   Code   RO          218    i.MemManage_Handler  gd32f30x_it.o
    0x08000264   0x08000264   0x00000002   Code   RO          219    i.NMI_Handler       gd32f30x_it.o
    0x08000266   0x08000266   0x00000002   PAD
    0x08000268   0x08000268   0x00000070   Code   RO          272    i.SystemInit        system_gd32f30x.o
    0x080002d8   0x080002d8   0x00000034   Code   RO          141    i.Update_Init_Flag  iap.o
    0x0800030c   0x0800030c   0x00000004   Code   RO          220    i.UsageFault_Handler  gd32f30x_it.o
    0x08000310   0x08000310   0x00000014   Code   RO          142    i.Write_APP_Size    iap.o
    0x08000324   0x08000324   0x0000000e   Code   RO         2167    i.__scatterload_copy  mc_w.l(handlers.o)
    0x08000332   0x08000332   0x00000002   Code   RO         2168    i.__scatterload_null  mc_w.l(handlers.o)
    0x08000334   0x08000334   0x0000000e   Code   RO         2169    i.__scatterload_zeroinit  mc_w.l(handlers.o)
    0x08000342   0x08000342   0x00000006   Code   RO          146    i.flash_read_word   iap.o
    0x08000348   0x08000348   0x00000158   Code   RO          147    i.flash_write_buffer  iap.o
    0x080004a0   0x080004a0   0x00000022   Code   RO          847    i.fmc_bank0_ready_wait  gd32f30x_fmc.o
    0x080004c2   0x080004c2   0x00000002   PAD
    0x080004c4   0x080004c4   0x00000030   Code   RO          848    i.fmc_bank0_state_get  gd32f30x_fmc.o
    0x080004f4   0x080004f4   0x00000022   Code   RO          852    i.fmc_bank1_ready_wait  gd32f30x_fmc.o
    0x08000516   0x08000516   0x00000002   PAD
    0x08000518   0x08000518   0x00000030   Code   RO          853    i.fmc_bank1_state_get  gd32f30x_fmc.o
    0x08000548   0x08000548   0x00000020   Code   RO          855    i.fmc_flag_clear    gd32f30x_fmc.o
    0x08000568   0x08000568   0x000000c0   Code   RO          857    i.fmc_halfword_program  gd32f30x_fmc.o
    0x08000628   0x08000628   0x0000002c   Code   RO          862    i.fmc_lock          gd32f30x_fmc.o
    0x08000654   0x08000654   0x000000ec   Code   RO          864    i.fmc_page_erase    gd32f30x_fmc.o
    0x08000740   0x08000740   0x00000044   Code   RO          865    i.fmc_unlock        gd32f30x_fmc.o
    0x08000784   0x08000784   0x000000c0   Code   RO          866    i.fmc_word_program  gd32f30x_fmc.o
    0x08000844   0x08000844   0x000000bc   Code   RO         1080    i.gpio_init         gd32f30x_gpio.o
    0x08000900   0x08000900   0x00000018   Code   RO            3    i.main              main.o
    0x08000918   0x08000918   0x00000014   Code   RO         1200    i.nvic_vector_table_set  gd32f30x_misc.o
    0x0800092c   0x0800092c   0x00000158   Code   RO         1262    i.rcu_clock_freq_get  gd32f30x_rcu.o
    0x08000a84   0x08000a84   0x00000020   Code   RO         1280    i.rcu_periph_clock_enable  gd32f30x_rcu.o
    0x08000aa4   0x08000aa4   0x00000020   Code   RO         1283    i.rcu_periph_reset_disable  gd32f30x_rcu.o
    0x08000ac4   0x08000ac4   0x00000020   Code   RO         1284    i.rcu_periph_reset_enable  gd32f30x_rcu.o
    0x08000ae4   0x08000ae4   0x00000114   Code   RO          273    i.system_clock_120m_hxtal  system_gd32f30x.o
    0x08000bf8   0x08000bf8   0x00000008   Code   RO          274    i.system_clock_config  system_gd32f30x.o
    0x08000c00   0x08000c00   0x00000090   Code   RO         1792    i.usart_baudrate_set  gd32f30x_usart.o
    0x08000c90   0x08000c90   0x00000090   Code   RO         2113    i.usart_config      usart.o
    0x08000d20   0x08000d20   0x00000090   Code   RO         1797    i.usart_deinit      gd32f30x_usart.o
    0x08000db0   0x08000db0   0x0000000a   Code   RO         1798    i.usart_disable     gd32f30x_usart.o
    0x08000dba   0x08000dba   0x0000000a   Code   RO         1801    i.usart_enable      gd32f30x_usart.o
    0x08000dc4   0x08000dc4   0x00000010   Code   RO         1807    i.usart_hardware_flow_cts_config  gd32f30x_usart.o
    0x08000dd4   0x08000dd4   0x00000010   Code   RO         1808    i.usart_hardware_flow_rts_config  gd32f30x_usart.o
    0x08000de4   0x08000de4   0x00000010   Code   RO         1823    i.usart_parity_config  gd32f30x_usart.o
    0x08000df4   0x08000df4   0x00000010   Code   RO         1825    i.usart_receive_config  gd32f30x_usart.o
    0x08000e04   0x08000e04   0x00000010   Code   RO         1835    i.usart_stop_bit_set  gd32f30x_usart.o
    0x08000e14   0x08000e14   0x00000010   Code   RO         1839    i.usart_transmit_config  gd32f30x_usart.o
    0x08000e24   0x08000e24   0x00000010   Code   RO         1840    i.usart_word_length_set  gd32f30x_usart.o
    0x08000e34   0x08000e34   0x00000010   Data   RO         2165    Region$$Table       anon$$obj.o


    Execution Region RW_IRAM1 (Exec base: 0x20000000, Load base: 0x08000e44, Size: 0x00000400, Max: 0x0000c000, ABSOLUTE)

    Exec Addr    Load Addr    Size         Type   Attr      Idx    E Section Name        Object

    0x20000000        -       0x00000400   Zero   RW         2103    STACK               startup_gd32f30x_cl.o


==============================================================================

Image component sizes


      Code (inc. data)   RO Data    RW Data    ZI Data      Debug   Object Name

       928         80          0          0          0       6442   gd32f30x_fmc.o
       188          0          0          0          0        896   gd32f30x_gpio.o
        20          0          0          0          0       2601   gd32f30x_it.o
        20          8          0          0          0        608   gd32f30x_misc.o
       440         46          0          0          0       2992   gd32f30x_rcu.o
       420         16          0          0          0       6967   gd32f30x_usart.o
       590         34          0          0          0       5321   iap.o
        24          6          0          0          0      27987   main.o
        36          8        336          0       1024        852   startup_gd32f30x_cl.o
       396         30          0          0          0       2373   system_gd32f30x.o
       144         10          0          0          0        571   usart.o

    ----------------------------------------------------------------------
      3214        238        352          0       1024      57610   Object Totals
         0          0         16          0          0          0   (incl. Generated)
         8          0          0          0          0          0   (incl. Padding)

    ----------------------------------------------------------------------

      Code (inc. data)   RO Data    RW Data    ZI Data      Debug   Library Member Name

         0          0          0          0          0          0   entry.o
         0          0          0          0          0          0   entry10a.o
         0          0          0          0          0          0   entry11a.o
         8          4          0          0          0          0   entry2.o
         4          0          0          0          0          0   entry5.o
         0          0          0          0          0          0   entry7b.o
         0          0          0          0          0          0   entry8b.o
         8          4          0          0          0          0   entry9a.o
        30          0          0          0          0          0   handlers.o
        36          8          0          0          0         68   init.o

    ----------------------------------------------------------------------
        86         16          0          0          0         68   Library Totals
         0          0          0          0          0          0   (incl. Padding)

    ----------------------------------------------------------------------

      Code (inc. data)   RO Data    RW Data    ZI Data      Debug   Library Name

        86         16          0          0          0         68   mc_w.l

    ----------------------------------------------------------------------
        86         16          0          0          0         68   Library Totals

    ----------------------------------------------------------------------

==============================================================================


      Code (inc. data)   RO Data    RW Data    ZI Data      Debug   

      3300        254        352          0       1024      54082   Grand Totals
      3300        254        352          0       1024      54082   ELF Image Totals
      3300        254        352          0          0          0   ROM Totals

==============================================================================

    Total RO  Size (Code + RO Data)                 3652 (   3.57kB)
    Total RW  Size (RW Data + ZI Data)              1024 (   1.00kB)
    Total ROM Size (Code + RO Data + RW Data)       3652 (   3.57kB)

==============================================================================

